<html>
<body>
<pre>
<h1>µVision Build Log</h1>
<h2>Project:</h2>
C:\Users\droid\Desktop\Project 7\ADCSWTrigger\ADCSWTrigger.uvproj
Project File Date:  11/02/2018

<h2>Output:</h2>
Build target 'ADCSWTrigger'
compiling ADCTestMain.c...
ADCTestMain.c(131): warning:  #223-D: function "ADC1_InitSWTriggerSeq3_Ch1" declared implicitly
        ADC1_InitSWTriggerSeq3_Ch1();
ADCTestMain.c(121): warning:  #177-D: variable "string1" was declared but never referenced
        char string1[40];
ADCTestMain.c: 2 warnings, 0 errors
linking...
Program Size: Code=5540 RO-data=16 RW-data=0 ZI-data=1136  
".\ADCSWTrigger.axf" - 0 Error(s), 2 Warning(s).
Load "C:\\Users\\droid\\Desktop\\Project 7\\ADCSWTrigger\\ADCSWTrigger.axf" 
Connecting: Mode=JTAG, Speed=1000000Hz
Erase Done.
Programming Done.
Verify OK.
</pre>
</body>
</html>
